// Vitest Snapshot v1

exports[`TaskRenderer > will create and match a snapshot 1`] = `null`;
