// Vitest Snapshot v1

exports[`Task > will create and match a snapshot 1`] = `
<div
  className="task row"
  id="taskMaster1"
>
  <div
    className="col-1"
  >
    <div
      className=""
    >
      <input
        className="form-check-input"
        disabled={false}
        id="taskSelectedBtn1"
        onChange={[Function]}
        type="checkbox"
      />
    </div>
  </div>
  <div
    className="taskTitle col-7"
    id="task1"
  >
    Style
  </div>
  <div
    className="checkHolder col-1"
  >
    <div
      className="check"
    >
      <input
        checked={false}
        className="form-check-input"
        disabled={false}
        id="taskCheck1"
        name="checkbox"
        onChange={[Function]}
        type="checkbox"
      />
    </div>
    <label
      className="form-label"
      for="checkbox"
    >
      <img
        className="checkImg"
        src="/static/src/assets/pending.png"
      />
    </label>
  </div>
  <div
    className="buttonHolder col-2"
  >
    <button
      className="alterBtn btn btn-danger"
      disabled={false}
      id="deleteBtn1"
      onClick={[Function]}
      type="button"
    >
      <img
        className="buttonImg"
        src="/static/src/assets/trash.png"
      />
    </button>
    <button
      className="alterBtn btn btn-warning"
      disabled={false}
      id="showChangeForm1"
      onClick={[Function]}
      type="button"
    >
      <img
        className="buttonImg"
        src="/static/src/assets/edit.png"
      />
    </button>
  </div>
</div>
`;
