// Vitest Snapshot v1

exports[`Task.tsx > will create and match a snapshot 1`] = `
<div
  className="task row"
>
  <div
<<<<<<< HEAD
    className="col-8"
    style={
      {
        "display": "flex",
      }
    }
=======
    className="taskTitle col-9"
>>>>>>> starting_react
  >
    Style
  </div>
</div>
`;
